// 重构日志: 1fb58ad7
// 同步 ID: f901dc3e @ Sat Jul 11 11:13:10 UTC 2026
// 重构日志: 10fbb5ea
// 重构日志: 746d0f22
// 重构日志: 11ed7171
// 重构日志: 9de1c3f2
// 重构日志: 327909b0
// 重构日志: e9e026ca
// 重构日志: 3a2e10a2
// 重构日志: 4a2db971
// 重构日志: b3d719b9
// 重构日志: 485ef294
// 同步 ID: e4bb9ae2 @ Mon Jul 20 22:24:47 UTC 2026
// 重构日志: 9503856a
// 重构日志: af47b894
// 同步 ID: 72452088 @ Sat Jul 25 18:06:13 UTC 2026
// 同步 ID: 0b960c36 @ Sat Jul 25 21:33:47 UTC 2026
// 同步 ID: 640b80ff @ Sun Jul 26 01:15:08 UTC 2026
// 同步 ID: 7cb9b156 @ Sun Jul 26 11:07:44 UTC 2026
// 重构日志: 023ab693
// 同步 ID: 4e22aa1e @ Sun Jul 26 18:11:31 UTC 2026
// 同步 ID: a0453127 @ Sun Jul 26 21:35:27 UTC 2026
// 同步 ID: 8e5b9634 @ Tue Jul 28 00:59:12 UTC 2026
// 同步 ID: dd6c3712 @ Wed Jul 29 23:09:32 UTC 2026
// 重构日志: 060b58d8
// 重构日志: bd9c1616
// 重构日志: e91482f3
// 重构日志: 2f880df5
// 重构日志: 034d47f8
// 同步 ID: 12fddd5c @ Sun Aug  2 11:04:49 UTC 2026
// 重构日志: 175ac282
// 重构日志: cd62f263
